2026.04.14 22:10:54 INFO  Started: Metals version 1.6.7 in folders 'C:\Users\arthu\OneDrive - Grupo Marista\EncantadaPersonagem_Interno' for client Visual Studio Code 1.115.0.
2026.04.14 22:10:54 INFO  Memory monitor started
2026.04.14 22:10:56 WARN  Using H2 2.4.240 which is newer than the version Flyway has been verified with. The latest verified version of H2 is 2.3.232.
2026.04.14 22:10:56 INFO  no build target found for C:\Users\arthu\OneDrive - Grupo Marista\EncantadaPersonagem_Interno\Back\src\main\java\br\com\encantada\personageminterno\domain\entity\Ator.java. Using fallback presentation compiler.
2026.04.14 22:10:57 INFO  no build target found for C:\Users\arthu\OneDrive - Grupo Marista\EncantadaPersonagem_Interno\Back\src\main\java\br\com\encantada\personageminterno\domain\entity\Ator.java. Using fallback presentation compiler.
2026.04.14 22:11:16 INFO  no build target found for C:\Users\arthu\OneDrive - Grupo Marista\EncantadaPersonagem_Interno\Back\src\main\java\br\com\encantada\personageminterno\domain\entity\Ator.java. Using fallback presentation compiler.
2026.04.14 22:11:17 INFO  no build target found for C:\Users\arthu\OneDrive - Grupo Marista\EncantadaPersonagem_Interno\Back\src\main\java\br\com\encantada\personageminterno\domain\entity\Ator.java. Using fallback presentation compiler.
2026.04.14 22:11:17 INFO  no build target found for C:\Users\arthu\OneDrive - Grupo Marista\EncantadaPersonagem_Interno\Back\src\main\java\br\com\encantada\personageminterno\domain\entity\Cliente.java. Using fallback presentation compiler.
2026.04.14 22:11:18 INFO  no build target found for C:\Users\arthu\OneDrive - Grupo Marista\EncantadaPersonagem_Interno\Back\src\main\java\br\com\encantada\personageminterno\domain\entity\Cliente.java. Using fallback presentation compiler.
2026.04.14 22:11:17 INFO  no build target found for C:\Users\arthu\OneDrive - Grupo Marista\EncantadaPersonagem_Interno\Back\src\main\java\br\com\encantada\personageminterno\domain\entity\Cliente.java. Using fallback presentation compiler.
abr. 14, 2026 10:11:18 PM org.eclipse.lsp4j.jsonrpc.RemoteEndpoint handleCancellation
WARNING: Unmatched cancel notification for request id 10
2026.04.14 22:11:37 INFO  no build target found for C:\Users\arthu\OneDrive - Grupo Marista\EncantadaPersonagem_Interno\Back\src\main\java\br\com\encantada\personageminterno\domain\entity\Cliente.java. Using fallback presentation compiler.
2026.04.14 22:11:37 INFO  no build target found for C:\Users\arthu\OneDrive - Grupo Marista\EncantadaPersonagem_Interno\Back\src\main\java\br\com\encantada\personageminterno\domain\entity\Administrador.java. Using fallback presentation compiler.
2026.04.14 22:11:37 INFO  no build target found for C:\Users\arthu\OneDrive - Grupo Marista\EncantadaPersonagem_Interno\Back\src\main\java\br\com\encantada\personageminterno\domain\entity\Administrador.java. Using fallback presentation compiler.
abr. 14, 2026 10:11:38 PM org.eclipse.lsp4j.jsonrpc.RemoteEndpoint handleCancellation
WARNING: Unmatched cancel notification for request id 19
2026.04.14 22:11:38 INFO  no build target found for C:\Users\arthu\OneDrive - Grupo Marista\EncantadaPersonagem_Interno\Back\src\main\java\br\com\encantada\personageminterno\domain\entity\Administrador.java. Using fallback presentation compiler.
2026.04.14 22:11:37 INFO  no build target found for C:\Users\arthu\OneDrive - Grupo Marista\EncantadaPersonagem_Interno\Back\src\main\java\br\com\encantada\personageminterno\domain\entity\Administrador.java. Using fallback presentation compiler.
2026.04.14 22:11:59 INFO  no build target found for C:\Users\arthu\OneDrive - Grupo Marista\EncantadaPersonagem_Interno\Back\src\main\java\br\com\encantada\personageminterno\domain\entity\Administrador.java. Using fallback presentation compiler.
2026.04.14 22:11:59 INFO  no build target found for C:\Users\arthu\OneDrive - Grupo Marista\EncantadaPersonagem_Interno\Back\src\main\java\br\com\encantada\personageminterno\web\controller\AuthController.java. Using fallback presentation compiler.
2026.04.14 22:12:00 INFO  no build target found for C:\Users\arthu\OneDrive - Grupo Marista\EncantadaPersonagem_Interno\Back\src\main\java\br\com\encantada\personageminterno\web\controller\AuthController.java. Using fallback presentation compiler.
2026.04.14 22:11:59 INFO  no build target found for C:\Users\arthu\OneDrive - Grupo Marista\EncantadaPersonagem_Interno\Back\src\main\java\br\com\encantada\personageminterno\web\controller\AuthController.java. Using fallback presentation compiler.
2026.04.14 22:12:07 INFO  no build target found for C:\Users\arthu\OneDrive - Grupo Marista\EncantadaPersonagem_Interno\Back\src\main\java\br\com\encantada\personageminterno\web\controller\AuthController.java. Using fallback presentation compiler.
2026.04.14 22:12:07 INFO  no build target found for C:\Users\arthu\OneDrive - Grupo Marista\EncantadaPersonagem_Interno\Back\src\main\java\br\com\encantada\personageminterno\web\controller\AuthController.java. Using fallback presentation compiler.
2026.04.14 22:12:07 INFO  no build target found for C:\Users\arthu\OneDrive - Grupo Marista\EncantadaPersonagem_Interno\Back\src\main\java\br\com\encantada\personageminterno\web\controller\AdministradorController.java. Using fallback presentation compiler.
2026.04.14 22:12:08 INFO  no build target found for C:\Users\arthu\OneDrive - Grupo Marista\EncantadaPersonagem_Interno\Back\src\main\java\br\com\encantada\personageminterno\web\controller\AdministradorController.java. Using fallback presentation compiler.
2026.04.14 22:12:08 INFO  no build target found for C:\Users\arthu\OneDrive - Grupo Marista\EncantadaPersonagem_Interno\Back\src\main\java\br\com\encantada\personageminterno\web\controller\AdministradorController.java. Using fallback presentation compiler.
2026.04.14 22:12:08 INFO  no build target found for C:\Users\arthu\OneDrive - Grupo Marista\EncantadaPersonagem_Interno\Back\src\main\java\br\com\encantada\personageminterno\web\controller\AdministradorController.java. Using fallback presentation compiler.
2026.04.14 22:12:12 INFO  no build target found for C:\Users\arthu\OneDrive - Grupo Marista\EncantadaPersonagem_Interno\Back\src\main\java\br\com\encantada\personageminterno\web\controller\AdministradorController.java. Using fallback presentation compiler.
2026.04.14 22:12:16 INFO  no build target found for C:\Users\arthu\OneDrive - Grupo Marista\EncantadaPersonagem_Interno\Back\src\main\java\br\com\encantada\personageminterno\web\controller\AdministradorController.java. Using fallback presentation compiler.
2026.04.14 22:12:17 INFO  no build target found for C:\Users\arthu\OneDrive - Grupo Marista\EncantadaPersonagem_Interno\Back\src\main\java\br\com\encantada\personageminterno\web\controller\AdministradorController.java. Using fallback presentation compiler.
2026.04.14 22:12:19 INFO  no build target found for C:\Users\arthu\OneDrive - Grupo Marista\EncantadaPersonagem_Interno\Back\src\main\java\br\com\encantada\personageminterno\web\controller\AdministradorController.java. Using fallback presentation compiler.
2026.04.14 22:12:19 INFO  no build target found for C:\Users\arthu\OneDrive - Grupo Marista\EncantadaPersonagem_Interno\Back\src\main\java\br\com\encantada\personageminterno\web\controller\AuthController.java. Using fallback presentation compiler.
2026.04.14 22:12:19 INFO  no build target found for C:\Users\arthu\OneDrive - Grupo Marista\EncantadaPersonagem_Interno\Back\src\main\java\br\com\encantada\personageminterno\web\controller\AuthController.java. Using fallback presentation compiler.
2026.04.14 22:12:19 INFO  no build target found for C:\Users\arthu\OneDrive - Grupo Marista\EncantadaPersonagem_Interno\Back\src\main\java\br\com\encantada\personageminterno\web\controller\AuthController.java. Using fallback presentation compiler.
2026.04.14 22:12:21 INFO  no build target found for C:\Users\arthu\OneDrive - Grupo Marista\EncantadaPersonagem_Interno\Back\src\main\java\br\com\encantada\personageminterno\web\controller\AuthController.java. Using fallback presentation compiler.
2026.04.14 22:12:21 INFO  no build target found for C:\Users\arthu\OneDrive - Grupo Marista\EncantadaPersonagem_Interno\Back\src\main\java\br\com\encantada\personageminterno\web\controller\AtorController.java. Using fallback presentation compiler.
2026.04.14 22:12:21 INFO  no build target found for C:\Users\arthu\OneDrive - Grupo Marista\EncantadaPersonagem_Interno\Back\src\main\java\br\com\encantada\personageminterno\web\controller\AtorController.java. Using fallback presentation compiler.
2026.04.14 22:12:21 INFO  no build target found for C:\Users\arthu\OneDrive - Grupo Marista\EncantadaPersonagem_Interno\Back\src\main\java\br\com\encantada\personageminterno\web\controller\AtorController.java. Using fallback presentation compiler.
2026.04.14 22:12:26 INFO  no build target found for C:\Users\arthu\OneDrive - Grupo Marista\EncantadaPersonagem_Interno\Back\src\main\java\br\com\encantada\personageminterno\web\controller\AtorController.java. Using fallback presentation compiler.
2026.04.14 22:12:26 INFO  no build target found for C:\Users\arthu\OneDrive - Grupo Marista\EncantadaPersonagem_Interno\Back\src\main\java\br\com\encantada\personageminterno\web\controller\AuthController.java. Using fallback presentation compiler.
2026.04.14 22:12:26 INFO  no build target found for C:\Users\arthu\OneDrive - Grupo Marista\EncantadaPersonagem_Interno\Back\src\main\java\br\com\encantada\personageminterno\web\controller\AuthController.java. Using fallback presentation compiler.
2026.04.14 22:12:26 INFO  no build target found for C:\Users\arthu\OneDrive - Grupo Marista\EncantadaPersonagem_Interno\Back\src\main\java\br\com\encantada\personageminterno\web\controller\AuthController.java. Using fallback presentation compiler.
2026.04.14 22:12:31 INFO  no build target found for C:\Users\arthu\OneDrive - Grupo Marista\EncantadaPersonagem_Interno\Back\src\main\java\br\com\encantada\personageminterno\web\controller\AuthController.java. Using fallback presentation compiler.
2026.04.14 22:12:31 INFO  no build target found for C:\Users\arthu\OneDrive - Grupo Marista\EncantadaPersonagem_Interno\Back\src\main\java\br\com\encantada\personageminterno\web\controller\AtorController.java. Using fallback presentation compiler.
2026.04.14 22:12:32 INFO  no build target found for C:\Users\arthu\OneDrive - Grupo Marista\EncantadaPersonagem_Interno\Back\src\main\java\br\com\encantada\personageminterno\web\controller\AtorController.java. Using fallback presentation compiler.
2026.04.14 22:12:31 INFO  no build target found for C:\Users\arthu\OneDrive - Grupo Marista\EncantadaPersonagem_Interno\Back\src\main\java\br\com\encantada\personageminterno\web\controller\AtorController.java. Using fallback presentation compiler.
2026.04.14 22:12:34 INFO  no build target found for C:\Users\arthu\OneDrive - Grupo Marista\EncantadaPersonagem_Interno\Back\src\main\java\br\com\encantada\personageminterno\web\controller\AtorController.java. Using fallback presentation compiler.
2026.04.14 22:12:34 INFO  no build target found for C:\Users\arthu\OneDrive - Grupo Marista\EncantadaPersonagem_Interno\Back\src\main\java\br\com\encantada\personageminterno\web\controller\AdministradorController.java. Using fallback presentation compiler.
2026.04.14 22:12:34 INFO  no build target found for C:\Users\arthu\OneDrive - Grupo Marista\EncantadaPersonagem_Interno\Back\src\main\java\br\com\encantada\personageminterno\web\controller\AdministradorController.java. Using fallback presentation compiler.
2026.04.14 22:12:34 INFO  no build target found for C:\Users\arthu\OneDrive - Grupo Marista\EncantadaPersonagem_Interno\Back\src\main\java\br\com\encantada\personageminterno\web\controller\AdministradorController.java. Using fallback presentation compiler.
2026.04.14 22:13:28 INFO  no build target found for C:\Users\arthu\OneDrive - Grupo Marista\EncantadaPersonagem_Interno\Back\src\main\java\br\com\encantada\personageminterno\web\controller\AdministradorController.java. Using fallback presentation compiler.
2026.04.14 22:13:29 INFO  no build target found for C:\Users\arthu\OneDrive - Grupo Marista\EncantadaPersonagem_Interno\Back\src\main\java\br\com\encantada\personageminterno\web\controller\AdministradorController.java. Using fallback presentation compiler.
2026.04.14 22:14:14 INFO  no build target found for C:\Users\arthu\OneDrive - Grupo Marista\EncantadaPersonagem_Interno\Back\src\main\java\br\com\encantada\personageminterno\web\controller\AdministradorController.java. Using fallback presentation compiler.
2026.04.14 22:14:14 INFO  no build target found for C:\Users\arthu\OneDrive - Grupo Marista\EncantadaPersonagem_Interno\Back\src\main\java\br\com\encantada\personageminterno\config\SecurityConfig.java. Using fallback presentation compiler.
2026.04.14 22:14:14 INFO  no build target found for C:\Users\arthu\OneDrive - Grupo Marista\EncantadaPersonagem_Interno\Back\src\main\java\br\com\encantada\personageminterno\config\SecurityConfig.java. Using fallback presentation compiler.
2026.04.14 22:14:14 INFO  no build target found for C:\Users\arthu\OneDrive - Grupo Marista\EncantadaPersonagem_Interno\Back\src\main\java\br\com\encantada\personageminterno\config\SecurityConfig.java. Using fallback presentation compiler.
2026.04.14 22:14:14 INFO  no build target found for C:\Users\arthu\OneDrive - Grupo Marista\EncantadaPersonagem_Interno\Back\src\main\java\br\com\encantada\personageminterno\config\SecurityConfig.java. Using fallback presentation compiler.
2026.04.14 22:14:31 INFO  no build target found for C:\Users\arthu\OneDrive - Grupo Marista\EncantadaPersonagem_Interno\Back\src\main\java\br\com\encantada\personageminterno\config\SecurityConfig.java. Using fallback presentation compiler.
2026.04.14 22:14:36 INFO  no build target found for C:\Users\arthu\OneDrive - Grupo Marista\EncantadaPersonagem_Interno\Back\src\main\java\br\com\encantada\personageminterno\config\SecurityConfig.java. Using fallback presentation compiler.
2026.04.14 22:14:36 INFO  no build target found for C:\Users\arthu\OneDrive - Grupo Marista\EncantadaPersonagem_Interno\Back\src\main\java\br\com\encantada\personageminterno\config\SecurityConfig.java. Using fallback presentation compiler.
2026.04.14 22:14:36 INFO  no build target found for C:\Users\arthu\OneDrive - Grupo Marista\EncantadaPersonagem_Interno\Back\src\main\java\br\com\encantada\personageminterno\config\SecurityConfig.java. Using fallback presentation compiler.
abr. 14, 2026 10:14:36 PM org.eclipse.lsp4j.jsonrpc.RemoteEndpoint handleCancellation
WARNING: Unmatched cancel notification for request id 141
abr. 14, 2026 10:14:36 PM org.eclipse.lsp4j.jsonrpc.RemoteEndpoint handleCancellation
WARNING: Unmatched cancel notification for request id 142
2026.04.14 22:14:37 INFO  no build target found for C:\Users\arthu\OneDrive - Grupo Marista\EncantadaPersonagem_Interno\Back\src\main\java\br\com\encantada\personageminterno\config\SecurityConfig.java. Using fallback presentation compiler.
2026.04.14 22:14:37 INFO  no build target found for C:\Users\arthu\OneDrive - Grupo Marista\EncantadaPersonagem_Interno\Back\src\main\java\br\com\encantada\personageminterno\config\SecurityConfig.java. Using fallback presentation compiler.
2026.04.14 22:17:13 INFO  no build target found for C:\Users\arthu\OneDrive - Grupo Marista\EncantadaPersonagem_Interno\Back\src\main\java\br\com\encantada\personageminterno\config\SecurityConfig.java. Using fallback presentation compiler.
2026.04.14 22:17:25 WARN  Running javac-semanticdb failed for file:///C:/Users/arthu/OneDrive%20-%20Grupo%20Marista/EncantadaPersonagem_Interno/Back/src/main/java/br/com/encantada/personageminterno/domain/entity/Administrador.java. Output:

2026.04.14 22:17:26 INFO  no build target found for C:\Users\arthu\OneDrive - Grupo Marista\EncantadaPersonagem_Interno\Back\src\main\java\br\com\encantada\personageminterno\domain\entity\Administrador.java. Using fallback presentation compiler.
2026.04.14 22:17:26 INFO  Created report: Optional[file:///C:/Users/arthu/OneDrive%20-%20Grupo%20Marista/EncantadaPersonagem_Interno/Back/src/main/java/br/com/encantada/personageminterno/domain/entity/Administrador.java]
2026.04.14 22:17:26 INFO  empty definition using pc, found symbol in pc: jakarta/persistence/Column# (full report at: "C:\Users\arthu\OneDrive - Grupo Marista\EncantadaPersonagem_Interno\.metals\.reports\metals-full\2026-04-14\r_empty-definition_22-17-26-167.md")
2026.04.14 22:17:25 WARN  Running javac-semanticdb failed for file:///C:/Users/arthu/OneDrive%20-%20Grupo%20Marista/EncantadaPersonagem_Interno/Back/src/main/java/br/com/encantada/personageminterno/security/CustomUserDetailsService.java. Output:

2026.04.14 22:17:26 INFO  no build target found for C:\Users\arthu\OneDrive - Grupo Marista\EncantadaPersonagem_Interno\Back\src\main\java\br\com\encantada\personageminterno\security\CustomUserDetailsService.java. Using fallback presentation compiler.
2026.04.14 22:17:26 INFO  Created report: Optional[file:///C:/Users/arthu/OneDrive%20-%20Grupo%20Marista/EncantadaPersonagem_Interno/Back/src/main/java/br/com/encantada/personageminterno/security/CustomUserDetailsService.java]
2026.04.14 22:17:26 INFO  empty definition using pc, found symbol in pc: _empty_/Administrador#getTipo# (full report at: "C:\Users\arthu\OneDrive - Grupo Marista\EncantadaPersonagem_Interno\.metals\.reports\metals-full\2026-04-14\r_empty-definition_22-17-26-950.md")
2026.04.14 22:17:27 WARN  Running javac-semanticdb failed for file:///C:/Users/arthu/OneDrive%20-%20Grupo%20Marista/EncantadaPersonagem_Interno/Back/src/main/java/br/com/encantada/personageminterno/config/SecurityConfig.java. Output:

2026.04.14 22:17:27 INFO  no build target found for C:\Users\arthu\OneDrive - Grupo Marista\EncantadaPersonagem_Interno\Back\src\main\java\br\com\encantada\personageminterno\config\SecurityConfig.java. Using fallback presentation compiler.
2026.04.14 22:17:28 INFO  no build target found for C:\Users\arthu\OneDrive - Grupo Marista\EncantadaPersonagem_Interno\Back\src\main\java\br\com\encantada\personageminterno\domain\entity\Administrador.java. Using fallback presentation compiler.
2026.04.14 22:17:27 INFO  no build target found for C:\Users\arthu\OneDrive - Grupo Marista\EncantadaPersonagem_Interno\Back\src\main\java\br\com\encantada\personageminterno\domain\entity\Administrador.java. Using fallback presentation compiler.
2026.04.14 22:17:30 WARN  Running javac-semanticdb failed for file:///C:/Users/arthu/OneDrive%20-%20Grupo%20Marista/EncantadaPersonagem_Interno/Back/src/main/java/br/com/encantada/personageminterno/domain/entity/Ator.java. Output:

2026.04.14 22:17:30 INFO  no build target found for C:\Users\arthu\OneDrive - Grupo Marista\EncantadaPersonagem_Interno\Back\src\main\java\br\com\encantada\personageminterno\domain\entity\Ator.java. Using fallback presentation compiler.
2026.04.14 22:17:30 INFO  no build target found for C:\Users\arthu\OneDrive - Grupo Marista\EncantadaPersonagem_Interno\Back\src\main\java\br\com\encantada\personageminterno\security\CustomUserDetailsService.java. Using fallback presentation compiler.
2026.04.14 22:17:30 WARN  Running javac-semanticdb failed for file:///C:/Users/arthu/OneDrive%20-%20Grupo%20Marista/EncantadaPersonagem_Interno/Back/src/main/java/br/com/encantada/personageminterno/security/JwtService.java. Output:

2026.04.14 22:17:30 INFO  no build target found for C:\Users\arthu\OneDrive - Grupo Marista\EncantadaPersonagem_Interno\Back\src\main\java\br\com\encantada\personageminterno\security\JwtService.java. Using fallback presentation compiler.
2026.04.14 22:17:30 WARN  Running javac-semanticdb failed for file:///C:/Users/arthu/OneDrive%20-%20Grupo%20Marista/EncantadaPersonagem_Interno/Back/src/main/java/br/com/encantada/personageminterno/service/AuthService.java. Output:

2026.04.14 22:17:30 INFO  no build target found for C:\Users\arthu\OneDrive - Grupo Marista\EncantadaPersonagem_Interno\Back\src\main\java\br\com\encantada\personageminterno\service\AuthService.java. Using fallback presentation compiler.
2026.04.14 22:17:30 WARN  Running javac-semanticdb failed for file:///C:/Users/arthu/OneDrive%20-%20Grupo%20Marista/EncantadaPersonagem_Interno/Back/src/main/java/br/com/encantada/personageminterno/domain/entity/Cliente.java. Output:

2026.04.14 22:17:30 INFO  no build target found for C:\Users\arthu\OneDrive - Grupo Marista\EncantadaPersonagem_Interno\Back\src\main\java\br\com\encantada\personageminterno\domain\entity\Cliente.java. Using fallback presentation compiler.
2026.04.14 22:17:30 INFO  no build target found for C:\Users\arthu\OneDrive - Grupo Marista\EncantadaPersonagem_Interno\Back\src\main\java\br\com\encantada\personageminterno\domain\entity\Cliente.java. Using fallback presentation compiler.
2026.04.14 22:17:30 WARN  Running javac-semanticdb failed for file:///C:/Users/arthu/OneDrive%20-%20Grupo%20Marista/EncantadaPersonagem_Interno/Back/src/main/java/br/com/encantada/personageminterno/web/controller/AdministradorController.java. Output:

2026.04.14 22:17:31 INFO  no build target found for C:\Users\arthu\OneDrive - Grupo Marista\EncantadaPersonagem_Interno\Back\src\main\java\br\com\encantada\personageminterno\web\controller\AdministradorController.java. Using fallback presentation compiler.
2026.04.14 22:19:41 INFO  no build target found for C:\Users\arthu\OneDrive - Grupo Marista\EncantadaPersonagem_Interno\Back\src\main\java\br\com\encantada\personageminterno\security\CustomUserDetailsService.java. Using fallback presentation compiler.
2026.04.14 22:19:53 INFO  no build target found for C:\Users\arthu\OneDrive - Grupo Marista\EncantadaPersonagem_Interno\Back\src\main\java\br\com\encantada\personageminterno\service\AuthService.java. Using fallback presentation compiler.
2026.04.14 22:19:53 INFO  no build target found for C:\Users\arthu\OneDrive - Grupo Marista\EncantadaPersonagem_Interno\Back\src\main\java\br\com\encantada\personageminterno\web\controller\AuthController.java. Using fallback presentation compiler.
2026.04.14 22:20:01 INFO  no build target found for C:\Users\arthu\OneDrive - Grupo Marista\EncantadaPersonagem_Interno\Back\src\main\java\br\com\encantada\personageminterno\web\controller\AdministradorController.java. Using fallback presentation compiler.
2026.04.14 22:20:01 INFO  no build target found for C:\Users\arthu\OneDrive - Grupo Marista\EncantadaPersonagem_Interno\Back\src\main\java\br\com\encantada\personageminterno\web\controller\AtorController.java. Using fallback presentation compiler.
2026.04.14 22:20:09 INFO  no build target found for C:\Users\arthu\OneDrive - Grupo Marista\EncantadaPersonagem_Interno\Back\src\main\java\br\com\encantada\personageminterno\domain\entity\Administrador.java. Using fallback presentation compiler.
2026.04.14 22:20:09 INFO  no build target found for C:\Users\arthu\OneDrive - Grupo Marista\EncantadaPersonagem_Interno\Back\src\main\java\br\com\encantada\personageminterno\domain\entity\Ator.java. Using fallback presentation compiler.
2026.04.14 22:20:12 INFO  no build target found for C:\Users\arthu\OneDrive - Grupo Marista\EncantadaPersonagem_Interno\Back\src\main\java\br\com\encantada\personageminterno\security\JwtService.java. Using fallback presentation compiler.
2026.04.14 22:20:23 INFO  no build target found for C:\Users\arthu\OneDrive - Grupo Marista\EncantadaPersonagem_Interno\Back\src\main\java\br\com\encantada\personageminterno\config\SecurityConfig.java. Using fallback presentation compiler.
2026.04.14 22:20:52 INFO  no build target found for C:\Users\arthu\OneDrive - Grupo Marista\EncantadaPersonagem_Interno\Back\src\main\java\br\com\encantada\personageminterno\config\SecurityConfig.java. Using fallback presentation compiler.
2026.04.14 22:20:55 INFO  no build target found for C:\Users\arthu\OneDrive - Grupo Marista\EncantadaPersonagem_Interno\Back\src\main\java\br\com\encantada\personageminterno\config\SecurityConfig.java. Using fallback presentation compiler.
2026.04.14 23:22:08 INFO  no build target found for C:\Users\arthu\OneDrive - Grupo Marista\EncantadaPersonagem_Interno\Back\src\main\java\br\com\encantada\personageminterno\config\SecurityConfig.java. Using fallback presentation compiler.
2026.04.14 23:22:08 INFO  no build target found for C:\Users\arthu\OneDrive - Grupo Marista\EncantadaPersonagem_Interno\Back\src\main\java\br\com\encantada\personageminterno\config\SecurityConfig.java. Using fallback presentation compiler.
2026.04.14 23:22:08 INFO  no build target found for C:\Users\arthu\OneDrive - Grupo Marista\EncantadaPersonagem_Interno\Back\src\main\java\br\com\encantada\personageminterno\config\SecurityConfig.java. Using fallback presentation compiler.
abr. 14, 2026 11:22:08 PM org.eclipse.lsp4j.jsonrpc.RemoteEndpoint handleCancellation
WARNING: Unmatched cancel notification for request id 168
2026.04.14 23:22:11 INFO  no build target found for C:\Users\arthu\OneDrive - Grupo Marista\EncantadaPersonagem_Interno\Back\src\main\java\br\com\encantada\personageminterno\config\SecurityConfig.java. Using fallback presentation compiler.
2026.04.14 23:22:11 INFO  no build target found for C:\Users\arthu\OneDrive - Grupo Marista\EncantadaPersonagem_Interno\Back\src\main\java\br\com\encantada\personageminterno\config\SecurityConfig.java. Using fallback presentation compiler.
2026.04.14 23:22:11 INFO  no build target found for C:\Users\arthu\OneDrive - Grupo Marista\EncantadaPersonagem_Interno\Back\src\main\java\br\com\encantada\personageminterno\config\SecurityConfig.java. Using fallback presentation compiler.
abr. 14, 2026 11:22:11 PM org.eclipse.lsp4j.jsonrpc.RemoteEndpoint handleCancellation
WARNING: Unmatched cancel notification for request id 171
abr. 14, 2026 11:22:11 PM org.eclipse.lsp4j.jsonrpc.RemoteEndpoint handleCancellation
WARNING: Unmatched cancel notification for request id 172
2026.04.15 18:23:08 INFO  no build target found for C:\Users\arthu\OneDrive - Grupo Marista\EncantadaPersonagem_Interno\Back\src\main\java\br\com\encantada\personageminterno\config\SecurityConfig.java. Using fallback presentation compiler.
2026.04.15 18:23:08 INFO  no build target found for C:\Users\arthu\OneDrive - Grupo Marista\EncantadaPersonagem_Interno\Back\src\main\java\br\com\encantada\personageminterno\config\SecurityConfig.java. Using fallback presentation compiler.
2026.04.15 18:23:08 INFO  no build target found for C:\Users\arthu\OneDrive - Grupo Marista\EncantadaPersonagem_Interno\Back\src\main\java\br\com\encantada\personageminterno\config\SecurityConfig.java. Using fallback presentation compiler.
abr. 15, 2026 6:23:08 PM org.eclipse.lsp4j.jsonrpc.RemoteEndpoint handleCancellation
WARNING: Unmatched cancel notification for request id 174
abr. 15, 2026 6:23:08 PM org.eclipse.lsp4j.jsonrpc.RemoteEndpoint handleCancellation
WARNING: Unmatched cancel notification for request id 175
2026.04.15 18:28:13 INFO  no build target found for C:\Users\arthu\OneDrive - Grupo Marista\EncantadaPersonagem_Interno\Back\src\main\java\br\com\encantada\personageminterno\config\SecurityConfig.java. Using fallback presentation compiler.
2026.04.15 18:28:14 INFO  no build target found for C:\Users\arthu\OneDrive - Grupo Marista\EncantadaPersonagem_Interno\Back\src\main\java\br\com\encantada\personageminterno\config\SecurityConfig.java. Using fallback presentation compiler.
2026.04.15 18:28:16 INFO  no build target found for C:\Users\arthu\OneDrive - Grupo Marista\EncantadaPersonagem_Interno\Back\src\main\java\br\com\encantada\personageminterno\config\SecurityConfig.java. Using fallback presentation compiler.
abr. 15, 2026 6:28:17 PM org.eclipse.lsp4j.jsonrpc.RemoteEndpoint handleCancellation
WARNING: Unmatched cancel notification for request id 177
abr. 15, 2026 6:28:17 PM org.eclipse.lsp4j.jsonrpc.RemoteEndpoint handleCancellation
WARNING: Unmatched cancel notification for request id 178
2026.04.15 18:29:56 INFO  no build target found for C:\Users\arthu\OneDrive - Grupo Marista\EncantadaPersonagem_Interno\Back\src\main\java\br\com\encantada\personageminterno\config\SecurityConfig.java. Using fallback presentation compiler.
2026.04.16 18:20:37 INFO  Started: Metals version 1.6.7 in folders 'C:\Users\arthu\OneDrive - Grupo Marista\EncantadaPersonagem_Interno' for client Visual Studio Code 1.115.0.
2026.04.16 18:20:40 INFO  Memory monitor started
2026.04.16 18:20:45 WARN  Using H2 2.4.240 which is newer than the version Flyway has been verified with. The latest verified version of H2 is 2.3.232.
2026.04.16 18:20:45 INFO  no build target found for C:\Users\arthu\OneDrive - Grupo Marista\EncantadaPersonagem_Interno\Back\src\main\java\br\com\encantada\personageminterno\config\SecurityConfig.java. Using fallback presentation compiler.
abr. 16, 2026 6:20:47 PM org.eclipse.lsp4j.jsonrpc.RemoteEndpoint handleCancellation
WARNING: Unmatched cancel notification for request id 1
abr. 16, 2026 6:20:47 PM org.eclipse.lsp4j.jsonrpc.RemoteEndpoint handleCancellation
WARNING: Unmatched cancel notification for request id 2
2026.04.16 18:20:47 INFO  no build target found for C:\Users\arthu\OneDrive - Grupo Marista\EncantadaPersonagem_Interno\Back\src\main\java\br\com\encantada\personageminterno\config\SecurityConfig.java. Using fallback presentation compiler.
2026.04.16 18:20:47 INFO  no build target found for C:\Users\arthu\OneDrive - Grupo Marista\EncantadaPersonagem_Interno\Back\src\main\java\br\com\encantada\personageminterno\config\SecurityConfig.java. Using fallback presentation compiler.
2026.04.16 18:21:01 INFO  no build target found for C:\Users\arthu\OneDrive - Grupo Marista\EncantadaPersonagem_Interno\Back\src\main\java\br\com\encantada\personageminterno\config\SecurityConfig.java. Using fallback presentation compiler.
2026.04.16 18:21:01 INFO  no build target found for C:\Users\arthu\OneDrive - Grupo Marista\EncantadaPersonagem_Interno\Back\src\main\java\br\com\encantada\personageminterno\config\SecurityConfig.java. Using fallback presentation compiler.
2026.04.16 18:21:01 INFO  no build target found for C:\Users\arthu\OneDrive - Grupo Marista\EncantadaPersonagem_Interno\Back\src\main\java\br\com\encantada\personageminterno\config\SecurityConfig.java. Using fallback presentation compiler.
2026.04.16 18:21:01 INFO  no build target found for C:\Users\arthu\OneDrive - Grupo Marista\EncantadaPersonagem_Interno\Back\src\main\java\br\com\encantada\personageminterno\config\SecurityConfig.java. Using fallback presentation compiler.
abr. 16, 2026 6:21:01 PM org.eclipse.lsp4j.jsonrpc.RemoteEndpoint handleCancellation
WARNING: Unmatched cancel notification for request id 13
abr. 16, 2026 6:21:01 PM org.eclipse.lsp4j.jsonrpc.RemoteEndpoint handleCancellation
WARNING: Unmatched cancel notification for request id 14
abr. 16, 2026 6:21:01 PM org.eclipse.lsp4j.jsonrpc.RemoteEndpoint handleCancellation
WARNING: Unmatched cancel notification for request id 15
2026.04.16 18:21:01 INFO  no build target found for C:\Users\arthu\OneDrive - Grupo Marista\EncantadaPersonagem_Interno\Back\src\main\java\br\com\encantada\personageminterno\config\SecurityConfig.java. Using fallback presentation compiler.
2026.04.16 18:21:03 INFO  no build target found for C:\Users\arthu\OneDrive - Grupo Marista\EncantadaPersonagem_Interno\Back\src\main\java\br\com\encantada\personageminterno\config\SecurityConfig.java. Using fallback presentation compiler.
2026.04.16 18:21:04 INFO  no build target found for C:\Users\arthu\OneDrive - Grupo Marista\EncantadaPersonagem_Interno\Back\src\main\java\br\com\encantada\personageminterno\config\SecurityConfig.java. Using fallback presentation compiler.
2026.04.16 18:21:13 INFO  no build target found for C:\Users\arthu\OneDrive - Grupo Marista\EncantadaPersonagem_Interno\Back\src\main\java\br\com\encantada\personageminterno\config\SecurityConfig.java. Using fallback presentation compiler.
2026.04.16 18:21:13 INFO  no build target found for C:\Users\arthu\OneDrive - Grupo Marista\EncantadaPersonagem_Interno\Back\src\main\java\br\com\encantada\personageminterno\config\SecurityConfig.java. Using fallback presentation compiler.
2026.04.16 18:28:24 INFO  no build target found for C:\Users\arthu\OneDrive - Grupo Marista\EncantadaPersonagem_Interno\Back\src\main\java\br\com\encantada\personageminterno\config\SecurityConfig.java. Using fallback presentation compiler.
abr. 16, 2026 6:29:17 PM org.eclipse.lsp4j.jsonrpc.services.GenericEndpoint notify
INFO: Unsupported notification method: $/setTrace
2026.04.16 18:29:21 INFO  no build target found for C:\Users\arthu\OneDrive - Grupo Marista\EncantadaPersonagem_Interno\Back\src\main\java\br\com\encantada\personageminterno\config\SecurityConfig.java. Using fallback presentation compiler.
abr. 16, 2026 6:29:37 PM org.eclipse.lsp4j.jsonrpc.services.GenericEndpoint notify
INFO: Unsupported notification method: $/setTrace
abr. 16, 2026 6:41:31 PM org.eclipse.lsp4j.jsonrpc.services.GenericEndpoint notify
INFO: Unsupported notification method: $/setTrace
